// Jest Snapshot v1, https://goo.gl/fbAQLP

exports[`snapshot CartItem snapshot 1`] = `
<div
  className="sc-bdfBwQ irBXUF"
>
  <div
    className="sc-eCssSg bFyEms"
    direction="row"
  >
    <div
      className="sc-gsTCUz liCrEf"
    />
    <div
      className="sc-dlfnbm rDTbG"
    >
      <span
        className="sc-jSgupP chkdAN"
        fontSize={19}
        fontWeight={500}
      >
        Pizza
      </span>
      <span
        className="sc-jSgupP hyMFLF"
        fontSize={14}
        fontWeight={400}
      >
        Описание: none description
      </span>
    </div>
    <div
      className="sc-hKgILt iFSOwF"
    >
      <div
        className="sc-eCssSg kKWOIi"
        direction="row"
      >
        <span
          className="sc-iBPRYJ dRUKeg"
          fontSize={14}
          fontWeight={400}
        >
          0
          г
        </span>
      </div>
      <div
        className="sc-eCssSg kKWOIi"
        direction="row"
      >
        <span
          className="sc-iBPRYJ dRUKeg"
          fontSize={14}
          fontWeight={400}
        >
          0
          руб.
        </span>
      </div>
      <div
        className="sc-eCssSg kKWOIi"
        direction="row"
      >
        <button
          className="sc-gKsewC gLuNHi"
          onClick={[Function]}
        >
          -
        </button>
        <span
          className="sc-jSgupP hyMFLF"
          fontSize={14}
          fontWeight={400}
        />
        <button
          className="sc-gKsewC gLuNHi"
          onClick={[Function]}
        >
          +
        </button>
      </div>
    </div>
  </div>
</div>
`;
